Archive member included to satisfy reference by file (symbol)

c:/ti/ccs910/ccs/tools/compiler/msp430-gcc-8.2.0.52_win32/bin/../lib/gcc/msp430-elf/8.2.0/430\libgcc.a(epilogue.o)
                              ./LED_display.o (__mspabi_func_epilog_3)
c:/ti/ccs910/ccs/tools/compiler/msp430-gcc-8.2.0.52_win32/bin/../lib/gcc/msp430-elf/8.2.0/430\libgcc.a(srli.o)
                              ./LED_display.o (__mspabi_srli_8)
c:/ti/ccs910/ccs/tools/compiler/msp430-gcc-8.2.0.52_win32/bin/../lib/gcc/msp430-elf/8.2.0/../../../../msp430-elf/lib/430\libcrt.a(crt_bss.o)
                              ./FSM.o (__crt0_init_bss)
c:/ti/ccs910/ccs/tools/compiler/msp430-gcc-8.2.0.52_win32/bin/../lib/gcc/msp430-elf/8.2.0/../../../../msp430-elf/lib/430\libcrt.a(crt_main.o)
                              c:/ti/ccs910/ccs/tools/compiler/msp430-gcc-8.2.0.52_win32/bin/../lib/gcc/msp430-elf/8.2.0/../../../../msp430-elf/lib/430/crt0.o (__crt0_call_init_then_main)
c:/ti/ccs910/ccs/tools/compiler/msp430-gcc-8.2.0.52_win32/bin/../lib/gcc/msp430-elf/8.2.0/../../../../msp430-elf/lib/430\libc.a(lib_a-memset.o)
                              c:/ti/ccs910/ccs/tools/compiler/msp430-gcc-8.2.0.52_win32/bin/../lib/gcc/msp430-elf/8.2.0/../../../../msp430-elf/lib/430\libcrt.a(crt_bss.o) (memset)

Allocating common symbols
Common symbol       size              file

RotaryEncoderStateCount
                    0x2               ./main.o
g1msTimer           0x2               ./main.o
LEDDisplayValue     0x2               ./main.o
startTime           0x2               ./FSM.o

Discarded input sections

 .data          0x00000000        0x0 c:/ti/ccs910/ccs/tools/compiler/msp430-gcc-8.2.0.52_win32/bin/../lib/gcc/msp430-elf/8.2.0/../../../../msp430-elf/lib/430/crt0.o
 .bss           0x00000000        0x0 c:/ti/ccs910/ccs/tools/compiler/msp430-gcc-8.2.0.52_win32/bin/../lib/gcc/msp430-elf/8.2.0/../../../../msp430-elf/lib/430/crt0.o
 .text          0x00000000        0x0 c:/ti/ccs910/ccs/tools/compiler/msp430-gcc-8.2.0.52_win32/bin/../lib/gcc/msp430-elf/8.2.0/430/crtbegin_no_eh.o
 .data          0x00000000        0x0 c:/ti/ccs910/ccs/tools/compiler/msp430-gcc-8.2.0.52_win32/bin/../lib/gcc/msp430-elf/8.2.0/430/crtbegin_no_eh.o
 .bss           0x00000000        0x0 c:/ti/ccs910/ccs/tools/compiler/msp430-gcc-8.2.0.52_win32/bin/../lib/gcc/msp430-elf/8.2.0/430/crtbegin_no_eh.o
 .data          0x00000000        0x0 ./FSM.o
 .bss           0x00000000        0x0 ./FSM.o
 .data          0x00000000        0x0 ./LED.o
 .bss           0x00000000        0x0 ./LED.o
 .data          0x00000000        0x0 ./LED_display.o
 .bss           0x00000000        0x0 ./LED_display.o
 .data          0x00000000        0x0 ./debounce.o
 .bss           0x00000000        0x0 ./debounce.o
 .data          0x00000000        0x0 ./main.o
 .bss           0x00000000        0x0 ./main.o
 .data          0x00000000        0x0 ./motor.o
 .bss           0x00000000        0x0 ./motor.o
 .data          0x00000000        0x0 ./pushbutton.o
 .bss           0x00000000        0x0 ./pushbutton.o
 .data          0x00000000        0x0 ./spi.o
 .bss           0x00000000        0x0 ./spi.o
 .data          0x00000000        0x0 ./timerA.o
 .bss           0x00000000        0x0 ./timerA.o
 .data          0x00000000        0x0 c:/ti/ccs910/ccs/tools/compiler/msp430-gcc-8.2.0.52_win32/bin/../lib/gcc/msp430-elf/8.2.0/430\libgcc.a(epilogue.o)
 .bss           0x00000000        0x0 c:/ti/ccs910/ccs/tools/compiler/msp430-gcc-8.2.0.52_win32/bin/../lib/gcc/msp430-elf/8.2.0/430\libgcc.a(epilogue.o)
 .text          0x00000000        0x0 c:/ti/ccs910/ccs/tools/compiler/msp430-gcc-8.2.0.52_win32/bin/../lib/gcc/msp430-elf/8.2.0/430\libgcc.a(srli.o)
 .data          0x00000000        0x0 c:/ti/ccs910/ccs/tools/compiler/msp430-gcc-8.2.0.52_win32/bin/../lib/gcc/msp430-elf/8.2.0/430\libgcc.a(srli.o)
 .bss           0x00000000        0x0 c:/ti/ccs910/ccs/tools/compiler/msp430-gcc-8.2.0.52_win32/bin/../lib/gcc/msp430-elf/8.2.0/430\libgcc.a(srli.o)
 .text.__mspabi_srli
                0x00000000        0xc c:/ti/ccs910/ccs/tools/compiler/msp430-gcc-8.2.0.52_win32/bin/../lib/gcc/msp430-elf/8.2.0/430\libgcc.a(srli.o)
 .text.__mspabi_srll_n
                0x00000000       0x5c c:/ti/ccs910/ccs/tools/compiler/msp430-gcc-8.2.0.52_win32/bin/../lib/gcc/msp430-elf/8.2.0/430\libgcc.a(srli.o)
 .text.__mspabi_srll
                0x00000000        0xe c:/ti/ccs910/ccs/tools/compiler/msp430-gcc-8.2.0.52_win32/bin/../lib/gcc/msp430-elf/8.2.0/430\libgcc.a(srli.o)
 .text.__mspabi_srlll
                0x00000000       0x20 c:/ti/ccs910/ccs/tools/compiler/msp430-gcc-8.2.0.52_win32/bin/../lib/gcc/msp430-elf/8.2.0/430\libgcc.a(srli.o)
 .text          0x00000000        0x0 c:/ti/ccs910/ccs/tools/compiler/msp430-gcc-8.2.0.52_win32/bin/../lib/gcc/msp430-elf/8.2.0/../../../../msp430-elf/lib/430\libcrt.a(crt_bss.o)
 .data          0x00000000        0x0 c:/ti/ccs910/ccs/tools/compiler/msp430-gcc-8.2.0.52_win32/bin/../lib/gcc/msp430-elf/8.2.0/../../../../msp430-elf/lib/430\libcrt.a(crt_bss.o)
 .bss           0x00000000        0x0 c:/ti/ccs910/ccs/tools/compiler/msp430-gcc-8.2.0.52_win32/bin/../lib/gcc/msp430-elf/8.2.0/../../../../msp430-elf/lib/430\libcrt.a(crt_bss.o)
 .text          0x00000000        0x0 c:/ti/ccs910/ccs/tools/compiler/msp430-gcc-8.2.0.52_win32/bin/../lib/gcc/msp430-elf/8.2.0/../../../../msp430-elf/lib/430\libcrt.a(crt_main.o)
 .data          0x00000000        0x0 c:/ti/ccs910/ccs/tools/compiler/msp430-gcc-8.2.0.52_win32/bin/../lib/gcc/msp430-elf/8.2.0/../../../../msp430-elf/lib/430\libcrt.a(crt_main.o)
 .bss           0x00000000        0x0 c:/ti/ccs910/ccs/tools/compiler/msp430-gcc-8.2.0.52_win32/bin/../lib/gcc/msp430-elf/8.2.0/../../../../msp430-elf/lib/430\libcrt.a(crt_main.o)
 .text          0x00000000        0x0 c:/ti/ccs910/ccs/tools/compiler/msp430-gcc-8.2.0.52_win32/bin/../lib/gcc/msp430-elf/8.2.0/../../../../msp430-elf/lib/430\libc.a(lib_a-memset.o)
 .data          0x00000000        0x0 c:/ti/ccs910/ccs/tools/compiler/msp430-gcc-8.2.0.52_win32/bin/../lib/gcc/msp430-elf/8.2.0/../../../../msp430-elf/lib/430\libc.a(lib_a-memset.o)
 .bss           0x00000000        0x0 c:/ti/ccs910/ccs/tools/compiler/msp430-gcc-8.2.0.52_win32/bin/../lib/gcc/msp430-elf/8.2.0/../../../../msp430-elf/lib/430\libc.a(lib_a-memset.o)
 .text          0x00000000        0x0 c:/ti/ccs910/ccs/tools/compiler/msp430-gcc-8.2.0.52_win32/bin/../lib/gcc/msp430-elf/8.2.0/430/crtend_no_eh.o
 .data          0x00000000        0x0 c:/ti/ccs910/ccs/tools/compiler/msp430-gcc-8.2.0.52_win32/bin/../lib/gcc/msp430-elf/8.2.0/430/crtend_no_eh.o
 .bss           0x00000000        0x0 c:/ti/ccs910/ccs/tools/compiler/msp430-gcc-8.2.0.52_win32/bin/../lib/gcc/msp430-elf/8.2.0/430/crtend_no_eh.o
 .data          0x00000000        0x0 c:/ti/ccs910/ccs/tools/compiler/msp430-gcc-8.2.0.52_win32/bin/../lib/gcc/msp430-elf/8.2.0/../../../../msp430-elf/lib/430/crtn.o
 .bss           0x00000000        0x0 c:/ti/ccs910/ccs/tools/compiler/msp430-gcc-8.2.0.52_win32/bin/../lib/gcc/msp430-elf/8.2.0/../../../../msp430-elf/lib/430/crtn.o

Memory Configuration

Name             Origin             Length             Attributes
SFR              0x00000000         0x00000010
RAM              0x00000200         0x00000200
INFOMEM          0x00001000         0x00000100
INFOA            0x000010c0         0x00000040
INFOB            0x00001080         0x00000040
INFOC            0x00001040         0x00000040
INFOD            0x00001000         0x00000040
ROM              0x0000c000         0x00003fde         xr
BSLSIGNATURE     0x0000ffde         0x00000002
VECT1            0x0000ffe0         0x00000002
VECT2            0x0000ffe2         0x00000002
VECT3            0x0000ffe4         0x00000002
VECT4            0x0000ffe6         0x00000002
VECT5            0x0000ffe8         0x00000002
VECT6            0x0000ffea         0x00000002
VECT7            0x0000ffec         0x00000002
VECT8            0x0000ffee         0x00000002
VECT9            0x0000fff0         0x00000002
VECT10           0x0000fff2         0x00000002
VECT11           0x0000fff4         0x00000002
VECT12           0x0000fff6         0x00000002
VECT13           0x0000fff8         0x00000002
VECT14           0x0000fffa         0x00000002
VECT15           0x0000fffc         0x00000002
RESETVEC         0x0000fffe         0x00000002
*default*        0x00000000         0xffffffff

Linker script and memory map

LOAD c:/ti/ccs910/ccs/tools/compiler/msp430-gcc-8.2.0.52_win32/bin/../lib/gcc/msp430-elf/8.2.0/../../../../msp430-elf/lib/430/crt0.o
LOAD c:/ti/ccs910/ccs/tools/compiler/msp430-gcc-8.2.0.52_win32/bin/../lib/gcc/msp430-elf/8.2.0/430/crtbegin_no_eh.o
LOAD ./FSM.o
LOAD ./LED.o
LOAD ./LED_display.o
LOAD ./debounce.o
LOAD ./main.o
LOAD ./motor.o
LOAD ./pushbutton.o
LOAD ./spi.o
LOAD ./timerA.o
START GROUP
LOAD c:/ti/ccs910/ccs/tools/compiler/msp430-gcc-8.2.0.52_win32/bin/../lib/gcc/msp430-elf/8.2.0/430\libgcc.a
LOAD c:/ti/ccs910/ccs/tools/compiler/msp430-gcc-8.2.0.52_win32/bin/../lib/gcc/msp430-elf/8.2.0/../../../../msp430-elf/lib/430\libc.a
END GROUP
LOAD c:/ti/ccs910/ccs/tools/compiler/msp430-gcc-8.2.0.52_win32/bin/../lib/gcc/msp430-elf/8.2.0/430\libgcc.a
START GROUP
LOAD c:/ti/ccs910/ccs/tools/compiler/msp430-gcc-8.2.0.52_win32/bin/../lib/gcc/msp430-elf/8.2.0/430\libmul_none.a
LOAD c:/ti/ccs910/ccs/tools/compiler/msp430-gcc-8.2.0.52_win32/bin/../lib/gcc/msp430-elf/8.2.0/../../../../msp430-elf/lib/430\libc.a
LOAD c:/ti/ccs910/ccs/tools/compiler/msp430-gcc-8.2.0.52_win32/bin/../lib/gcc/msp430-elf/8.2.0/430\libgcc.a
LOAD c:/ti/ccs910/ccs/tools/compiler/msp430-gcc-8.2.0.52_win32/bin/../lib/gcc/msp430-elf/8.2.0/../../../../msp430-elf/lib/430\libcrt.a
LOAD c:/ti/ccs910/ccs/tools/compiler/msp430-gcc-8.2.0.52_win32/bin/../lib/gcc/msp430-elf/8.2.0/../../../../msp430-elf/lib/430\libnosys.a
END GROUP
LOAD c:/ti/ccs910/ccs/tools/compiler/msp430-gcc-8.2.0.52_win32/bin/../lib/gcc/msp430-elf/8.2.0/430\libgcc.a
LOAD c:/ti/ccs910/ccs/tools/compiler/msp430-gcc-8.2.0.52_win32/bin/../lib/gcc/msp430-elf/8.2.0/430/crtend_no_eh.o
LOAD c:/ti/ccs910/ccs/tools/compiler/msp430-gcc-8.2.0.52_win32/bin/../lib/gcc/msp430-elf/8.2.0/../../../../msp430-elf/lib/430/crtn.o
LOAD c:/ti/ccs910/ccs/tools/compiler/msp430-gcc-8.2.0.52_win32/bin/../lib/gcc/msp430-elf/8.2.0/430\libgcc.a

.bslsignature

__interrupt_vector_1
 *(__interrupt_vector_1)
 *(__interrupt_vector_trapint)

__interrupt_vector_2
 *(__interrupt_vector_2)

__interrupt_vector_3
                0x0000ffe4        0x2
 *(__interrupt_vector_3)
 __interrupt_vector_3
                0x0000ffe4        0x2 ./main.o
 *(__interrupt_vector_port1)

__interrupt_vector_4
                0x0000ffe6        0x2
 *(__interrupt_vector_4)
 __interrupt_vector_4
                0x0000ffe6        0x2 ./main.o
 *(__interrupt_vector_port2)

__interrupt_vector_5
 *(__interrupt_vector_5)

__interrupt_vector_6
                0x0000ffea        0x2
 *(__interrupt_vector_6)
 __interrupt_vector_6
                0x0000ffea        0x2 ./main.o
 *(__interrupt_vector_adc10)

__interrupt_vector_7
                0x0000ffec        0x2
 *(__interrupt_vector_7)
 __interrupt_vector_7
                0x0000ffec        0x2 ./main.o
 *(__interrupt_vector_usciab0tx)

__interrupt_vector_8
                0x0000ffee        0x2
 *(__interrupt_vector_8)
 __interrupt_vector_8
                0x0000ffee        0x2 ./main.o
 *(__interrupt_vector_usciab0rx)

__interrupt_vector_9
                0x0000fff0        0x2
 *(__interrupt_vector_9)
 __interrupt_vector_9
                0x0000fff0        0x2 ./main.o
 *(__interrupt_vector_timer0_a1)

__interrupt_vector_10
                0x0000fff2        0x2
 *(__interrupt_vector_10)
 __interrupt_vector_10
                0x0000fff2        0x2 ./main.o
 *(__interrupt_vector_timer0_a0)

__interrupt_vector_11
                0x0000fff4        0x2
 *(__interrupt_vector_11)
 __interrupt_vector_11
                0x0000fff4        0x2 ./main.o
 *(__interrupt_vector_wdt)

__interrupt_vector_12
                0x0000fff6        0x2
 *(__interrupt_vector_12)
 __interrupt_vector_12
                0x0000fff6        0x2 ./main.o
 *(__interrupt_vector_comparatora)

__interrupt_vector_13
                0x0000fff8        0x2
 *(__interrupt_vector_13)
 __interrupt_vector_13
                0x0000fff8        0x2 ./main.o
 *(__interrupt_vector_timer1_a1)

__interrupt_vector_14
                0x0000fffa        0x2
 *(__interrupt_vector_14)
 __interrupt_vector_14
                0x0000fffa        0x2 ./main.o
 *(__interrupt_vector_timer1_a0)

__interrupt_vector_15
 *(__interrupt_vector_15)
 *(__interrupt_vector_nmi)

__reset_vector  0x0000fffe        0x2
 *(__interrupt_vector_16)
 *(__interrupt_vector_reset)
 *(.resetvec)
 .resetvec      0x0000fffe        0x2 c:/ti/ccs910/ccs/tools/compiler/msp430-gcc-8.2.0.52_win32/bin/../lib/gcc/msp430-elf/8.2.0/../../../../msp430-elf/lib/430/crt0.o

.rodata         0x0000c000       0x10
                0x0000c000                . = ALIGN (0x2)
 *(.plt)
 *(.rodata .rodata.* .gnu.linkonce.r.* .const .const:*)
 .rodata        0x0000c000       0x10 ./LED_display.o
                0x0000c000                LEDDisplayCharacters
 *(.rodata1)
 *(.gcc_except_table)
 *(.gcc_except_table.*)

.rodata2        0x0000c010        0x4
                0x0000c010                . = ALIGN (0x2)
                [!provide]                PROVIDE (__preinit_array_start, .)
 *(.preinit_array)
                [!provide]                PROVIDE (__preinit_array_end, .)
                0x0000c010                . = ALIGN (0x2)
                [!provide]                PROVIDE (__init_array_start, .)
 *(SORT(.init_array.*))
 *(.init_array)
                [!provide]                PROVIDE (__init_array_end, .)
                0x0000c010                . = ALIGN (0x2)
                [!provide]                PROVIDE (__fini_array_start, .)
 *(.fini_array)
 *(SORT(.fini_array.*))
                [!provide]                PROVIDE (__fini_array_end, .)
                0x0000c010                . = ALIGN (0x2)
 *(.eh_frame_hdr)
 *(.eh_frame)
 .eh_frame      0x0000c010        0x4 c:/ti/ccs910/ccs/tools/compiler/msp430-gcc-8.2.0.52_win32/bin/../lib/gcc/msp430-elf/8.2.0/430/crtend_no_eh.o
 *crtbegin*.o(.ctors)
 *(EXCLUDE_FILE(*crtend*.o) .ctors)
 *(SORT(.ctors.*))
 *(.ctors)
 *crtbegin*.o(.dtors)
 *(EXCLUDE_FILE(*crtend*.o) .dtors)
 *(SORT(.dtors.*))
 *(.dtors)

.text           0x0000c014      0x728
                0x0000c014                . = ALIGN (0x2)
                0x0000c014                PROVIDE (_start, .)
 *(SORT(.crt_*))
 .crt_0000start
                0x0000c014        0x4 c:/ti/ccs910/ccs/tools/compiler/msp430-gcc-8.2.0.52_win32/bin/../lib/gcc/msp430-elf/8.2.0/../../../../msp430-elf/lib/430/crt0.o
                0x0000c014                __crt0_start
 .crt_0100init_bss
                0x0000c018        0xe c:/ti/ccs910/ccs/tools/compiler/msp430-gcc-8.2.0.52_win32/bin/../lib/gcc/msp430-elf/8.2.0/../../../../msp430-elf/lib/430\libcrt.a(crt_bss.o)
                0x0000c018                __crt0_init_bss
 .crt_0700call_init_then_main
                0x0000c026        0xa c:/ti/ccs910/ccs/tools/compiler/msp430-gcc-8.2.0.52_win32/bin/../lib/gcc/msp430-elf/8.2.0/../../../../msp430-elf/lib/430\libcrt.a(crt_main.o)
                0x0000c026                __crt0_call_init_then_main
 *(.lowtext .text .stub .text.* .gnu.linkonce.t.* .text:*)
 .text          0x0000c030        0x2 c:/ti/ccs910/ccs/tools/compiler/msp430-gcc-8.2.0.52_win32/bin/../lib/gcc/msp430-elf/8.2.0/../../../../msp430-elf/lib/430/crt0.o
                0x0000c030                __crt0_run_fini_array
 .text          0x0000c032      0x29e ./FSM.o
                0x0000c032                InitializeFSM
                0x0000c038                NextStateFunction
                0x0000c148                OutputFunction
 .text          0x0000c2d0        0xc ./LED.o
                0x0000c2d0                InitializeLEDPortPins
 .text          0x0000c2dc       0x7e ./LED_display.o
                0x0000c2dc                InitializeLEDDisplay
                0x0000c2f2                getHex
                0x0000c330                SetLEDDisplay
 .text          0x0000c35a      0x14a ./debounce.o
                0x0000c35a                InitializeSwitch
                0x0000c38a                ReadSwitchStatus
                0x0000c3b2                NextStateFunctionDebounce
                0x0000c42a                OutputFunctionDebounce
 .text          0x0000c4a4      0x17a ./main.o
                0x0000c4a4                PORT1_ISR
                0x0000c4a6                PORT2_ISR
                0x0000c4a8                ADC10_ISR
                0x0000c4aa                USCIAB0TX_ISR
                0x0000c4ac                USCIAB0RX_ISR
                0x0000c4ae                TIMER0_A1_ISR
                0x0000c4b0                TIMER0_A0_ISR
                0x0000c4b6                WDT_ISR
                0x0000c4b8                COMPARATORA_ISR
                0x0000c4ba                TIMER1_A1_ISR
                0x0000c4bc                TIMER1_A0_ISR
                0x0000c4be                DebounceSwitch
                0x0000c536                ConfigureClockModule
                0x0000c544                main
 .text          0x0000c61e       0x20 ./motor.o
                0x0000c61e                InitializeRotaryEncoderPortPins
 .text          0x0000c63e        0xe ./pushbutton.o
                0x0000c63e                InitializePushButtonPortPin
 .text          0x0000c64c       0x50 ./spi.o
                0x0000c64c                InitializeSPI
                0x0000c660                SPISendByte
 .text          0x0000c69c       0x2a ./timerA.o
                0x0000c69c                ConfigureTimerA
 .text          0x0000c6c6       0x10 c:/ti/ccs910/ccs/tools/compiler/msp430-gcc-8.2.0.52_win32/bin/../lib/gcc/msp430-elf/8.2.0/430\libgcc.a(epilogue.o)
                0x0000c6c6                __mspabi_func_epilog_7
                0x0000c6c8                __mspabi_func_epilog_6
                0x0000c6ca                __mspabi_func_epilog_5
                0x0000c6cc                __mspabi_func_epilog_4
                0x0000c6ce                __mspabi_func_epilog_3
                0x0000c6d0                __mspabi_func_epilog_2
                0x0000c6d2                __mspabi_func_epilog_1
 .text.__mspabi_srli_n
                0x0000c6d6       0x3e c:/ti/ccs910/ccs/tools/compiler/msp430-gcc-8.2.0.52_win32/bin/../lib/gcc/msp430-elf/8.2.0/430\libgcc.a(srli.o)
                0x0000c6d6                __mspabi_srli_15
                0x0000c6da                __mspabi_srli_14
                0x0000c6de                __mspabi_srli_13
                0x0000c6e2                __mspabi_srli_12
                0x0000c6e6                __mspabi_srli_11
                0x0000c6ea                __mspabi_srli_10
                0x0000c6ee                __mspabi_srli_9
                0x0000c6f2                __mspabi_srli_8
                0x0000c6f6                __mspabi_srli_7
                0x0000c6fa                __mspabi_srli_6
                0x0000c6fe                __mspabi_srli_5
                0x0000c702                __mspabi_srli_4
                0x0000c706                __mspabi_srli_3
                0x0000c70a                __mspabi_srli_2
                0x0000c70e                __mspabi_srli_1
 .text.memset   0x0000c714       0x16 c:/ti/ccs910/ccs/tools/compiler/msp430-gcc-8.2.0.52_win32/bin/../lib/gcc/msp430-elf/8.2.0/../../../../msp430-elf/lib/430\libc.a(lib_a-memset.o)
                0x0000c714                memset
 .text          0x0000c72a        0x2 c:/ti/ccs910/ccs/tools/compiler/msp430-gcc-8.2.0.52_win32/bin/../lib/gcc/msp430-elf/8.2.0/../../../../msp430-elf/lib/430/crtn.o
                0x0000c72a                __crt0_run_init_array
                0x0000c72a                __crt0_run_preinit_array
 *(.text.*personality*)
 *(.gnu.warning)
 *(.interp .hash .dynsym .dynstr .gnu.version*)
                [!provide]                PROVIDE (__etext, .)
                [!provide]                PROVIDE (_etext, .)
                [!provide]                PROVIDE (etext, .)
                0x0000c72c                . = ALIGN (0x2)
 *(.init)
 .init          0x0000c72c        0x0 c:/ti/ccs910/ccs/tools/compiler/msp430-gcc-8.2.0.52_win32/bin/../lib/gcc/msp430-elf/8.2.0/../../../../msp430-elf/lib/430/crt0.o
                0x0000c72c                __msp430_init
 .init          0x0000c72c        0xa c:/ti/ccs910/ccs/tools/compiler/msp430-gcc-8.2.0.52_win32/bin/../lib/gcc/msp430-elf/8.2.0/../../../../msp430-elf/lib/430/crtn.o
                0x0000c736                __msp430_init_end
 *(.fini)
 .fini          0x0000c736        0x4 c:/ti/ccs910/ccs/tools/compiler/msp430-gcc-8.2.0.52_win32/bin/../lib/gcc/msp430-elf/8.2.0/../../../../msp430-elf/lib/430/crt0.o
                0x0000c736                __msp430_fini
 .fini          0x0000c73a        0x2 c:/ti/ccs910/ccs/tools/compiler/msp430-gcc-8.2.0.52_win32/bin/../lib/gcc/msp430-elf/8.2.0/../../../../msp430-elf/lib/430/crtn.o
                0x0000c73c                __msp430_fini_end
 *(.tm_clone_table)

.data           0x00000200        0x0 load address 0x0000c73c
                0x00000200                . = ALIGN (0x2)
                [!provide]                PROVIDE (__datastart, .)
 *(.jcr)
 *(.data.rel.ro.local)
 *(.data.rel.ro*)
 *(.dynamic)
 *(.data .data.* .gnu.linkonce.d.*)
 *(.gnu.linkonce.d.*personality*)
 *(.data1)
 *(.got.plt)
 *(.got)
                0x00000200                . = ALIGN (0x2)
 *(.sdata .sdata.* .gnu.linkonce.s.* D_2 D_1)
                0x00000200                . = ALIGN (0x2)
                0x00000200                _edata = .
                [!provide]                PROVIDE (edata, .)
                [!provide]                PROVIDE (__dataend, .)
                [!provide]                PROVIDE (__romdatastart, LOADADDR (.data))
                [!provide]                PROVIDE (__romdatacopysize, SIZEOF (.data))

.bss            0x00000200        0x8 load address 0x0000c73c
                0x00000200                . = ALIGN (0x2)
                0x00000200                PROVIDE (__bssstart, .)
 *(.dynbss)
 *(.sbss .sbss.*)
 *(.bss .bss.* .gnu.linkonce.b.*)
                0x00000200                . = ALIGN (0x2)
 *(COMMON)
 COMMON         0x00000200        0x2 ./FSM.o
                0x00000200                startTime
 COMMON         0x00000202        0x6 ./main.o
                0x00000202                RotaryEncoderStateCount
                0x00000204                g1msTimer
                0x00000206                LEDDisplayValue
                [!provide]                PROVIDE (__bssend, .)
                0x00000008                PROVIDE (__bsssize, SIZEOF (.bss))

.noinit         0x00000208        0x0 load address 0x0000c73c
                0x00000208                . = ALIGN (0x2)
                [!provide]                PROVIDE (__noinit_start, .)
 *(.noinit)
                0x00000208                . = ALIGN (0x2)
                [!provide]                PROVIDE (__noinit_end, .)
                0x00000208                end = .

.heap           0x00000208        0x4 load address 0x0000c73c
                0x00000208                . = ALIGN (0x2)
                0x00000208                __heap_start__ = .
                0x00000208                _end = __heap_start__
                [!provide]                PROVIDE (end, .)
 *(.heap)
                0x00000208                _end = .
                [!provide]                PROVIDE (end, .)
                0x00000208        0x4 LONG 0x0
                0x0000020c                __heap_end__ = .
                0x0000020c                __HeapLimit = __heap_end__

.stack          0x00000400        0x0
                0x00000400                PROVIDE (__stack, .)
 *(.stack)

.infoA

.infoB

.infoC

.infoD

.MSP430.attributes
                0x00000000       0x19
 *(.MSP430.attributes)
 .MSP430.attributes
                0x00000000       0x19 c:/ti/ccs910/ccs/tools/compiler/msp430-gcc-8.2.0.52_win32/bin/../lib/gcc/msp430-elf/8.2.0/../../../../msp430-elf/lib/430/crt0.o
 .MSP430.attributes
                0x00000019       0x19 c:/ti/ccs910/ccs/tools/compiler/msp430-gcc-8.2.0.52_win32/bin/../lib/gcc/msp430-elf/8.2.0/430/crtbegin_no_eh.o
 .MSP430.attributes
                0x00000032       0x19 ./FSM.o
 .MSP430.attributes
                0x0000004b       0x19 ./LED.o
 .MSP430.attributes
                0x00000064       0x19 ./LED_display.o
 .MSP430.attributes
                0x0000007d       0x19 ./debounce.o
 .MSP430.attributes
                0x00000096       0x19 ./main.o
 .MSP430.attributes
                0x000000af       0x19 ./motor.o
 .MSP430.attributes
                0x000000c8       0x19 ./pushbutton.o
 .MSP430.attributes
                0x000000e1       0x19 ./spi.o
 .MSP430.attributes
                0x000000fa       0x19 ./timerA.o
 .MSP430.attributes
                0x00000113       0x19 c:/ti/ccs910/ccs/tools/compiler/msp430-gcc-8.2.0.52_win32/bin/../lib/gcc/msp430-elf/8.2.0/430\libgcc.a(epilogue.o)
 .MSP430.attributes
                0x0000012c       0x19 c:/ti/ccs910/ccs/tools/compiler/msp430-gcc-8.2.0.52_win32/bin/../lib/gcc/msp430-elf/8.2.0/430\libgcc.a(srli.o)
 .MSP430.attributes
                0x00000145       0x19 c:/ti/ccs910/ccs/tools/compiler/msp430-gcc-8.2.0.52_win32/bin/../lib/gcc/msp430-elf/8.2.0/../../../../msp430-elf/lib/430\libcrt.a(crt_bss.o)
 .MSP430.attributes
                0x0000015e       0x19 c:/ti/ccs910/ccs/tools/compiler/msp430-gcc-8.2.0.52_win32/bin/../lib/gcc/msp430-elf/8.2.0/../../../../msp430-elf/lib/430\libcrt.a(crt_main.o)
 .MSP430.attributes
                0x00000177       0x19 c:/ti/ccs910/ccs/tools/compiler/msp430-gcc-8.2.0.52_win32/bin/../lib/gcc/msp430-elf/8.2.0/../../../../msp430-elf/lib/430\libc.a(lib_a-memset.o)
 .MSP430.attributes
                0x00000190       0x19 c:/ti/ccs910/ccs/tools/compiler/msp430-gcc-8.2.0.52_win32/bin/../lib/gcc/msp430-elf/8.2.0/430/crtend_no_eh.o
 .MSP430.attributes
                0x000001a9       0x19 c:/ti/ccs910/ccs/tools/compiler/msp430-gcc-8.2.0.52_win32/bin/../lib/gcc/msp430-elf/8.2.0/../../../../msp430-elf/lib/430/crtn.o
 *(.gnu.attributes)
 *(__TI_build_attributes)

.stab
 *(.stab)

.stabstr
 *(.stabstr)

.stab.excl
 *(.stab.excl)

.stab.exclstr
 *(.stab.exclstr)

.stab.index
 *(.stab.index)

.stab.indexstr
 *(.stab.indexstr)

.comment        0x00000000       0x39
 *(.comment)
 .comment       0x00000000       0x39 c:/ti/ccs910/ccs/tools/compiler/msp430-gcc-8.2.0.52_win32/bin/../lib/gcc/msp430-elf/8.2.0/430/crtbegin_no_eh.o
                                 0x3a (size before relaxing)
 .comment       0x00000039       0x3a ./FSM.o
 .comment       0x00000039       0x3a ./LED.o
 .comment       0x00000039       0x3a ./LED_display.o
 .comment       0x00000039       0x3a ./debounce.o
 .comment       0x00000039       0x3a ./main.o
 .comment       0x00000039       0x3a ./motor.o
 .comment       0x00000039       0x3a ./pushbutton.o
 .comment       0x00000039       0x3a ./spi.o
 .comment       0x00000039       0x3a ./timerA.o
 .comment       0x00000039       0x3a c:/ti/ccs910/ccs/tools/compiler/msp430-gcc-8.2.0.52_win32/bin/../lib/gcc/msp430-elf/8.2.0/../../../../msp430-elf/lib/430\libc.a(lib_a-memset.o)
 .comment       0x00000039       0x3a c:/ti/ccs910/ccs/tools/compiler/msp430-gcc-8.2.0.52_win32/bin/../lib/gcc/msp430-elf/8.2.0/430/crtend_no_eh.o

.debug
 *(.debug)

.line
 *(.line)

.debug_srcinfo
 *(.debug_srcinfo)

.debug_sfnames
 *(.debug_sfnames)

.debug_aranges  0x00000000      0x120
 *(.debug_aranges)
 .debug_aranges
                0x00000000       0x20 ./FSM.o
 .debug_aranges
                0x00000020       0x20 ./LED.o
 .debug_aranges
                0x00000040       0x20 ./LED_display.o
 .debug_aranges
                0x00000060       0x20 ./debounce.o
 .debug_aranges
                0x00000080       0x20 ./main.o
 .debug_aranges
                0x000000a0       0x20 ./motor.o
 .debug_aranges
                0x000000c0       0x20 ./pushbutton.o
 .debug_aranges
                0x000000e0       0x20 ./spi.o
 .debug_aranges
                0x00000100       0x20 ./timerA.o

.debug_pubnames
 *(.debug_pubnames)

.debug_info     0x00000000     0x3edd
 *(.debug_info .gnu.linkonce.wi.*)
 .debug_info    0x00000000      0x7b9 ./FSM.o
 .debug_info    0x000007b9      0x605 ./LED.o
 .debug_info    0x00000dbe      0x6e4 ./LED_display.o
 .debug_info    0x000014a2      0x84c ./debounce.o
 .debug_info    0x00001cee      0x980 ./main.o
 .debug_info    0x0000266e      0x605 ./motor.o
 .debug_info    0x00002c73      0x605 ./pushbutton.o
 .debug_info    0x00003278      0x652 ./spi.o
 .debug_info    0x000038ca      0x613 ./timerA.o

.debug_abbrev   0x00000000      0x7cd
 *(.debug_abbrev)
 .debug_abbrev  0x00000000      0x165 ./FSM.o
 .debug_abbrev  0x00000165       0x76 ./LED.o
 .debug_abbrev  0x000001db      0x118 ./LED_display.o
 .debug_abbrev  0x000002f3      0x14f ./debounce.o
 .debug_abbrev  0x00000442      0x169 ./main.o
 .debug_abbrev  0x000005ab       0x76 ./motor.o
 .debug_abbrev  0x00000621       0x76 ./pushbutton.o
 .debug_abbrev  0x00000697       0xc0 ./spi.o
 .debug_abbrev  0x00000757       0x76 ./timerA.o

.debug_line     0x00000000     0x139a
 *(.debug_line .debug_line.* .debug_line_end)
 .debug_line    0x00000000      0x664 ./FSM.o
 .debug_line    0x00000664       0x8e ./LED.o
 .debug_line    0x000006f2      0x192 ./LED_display.o
 .debug_line    0x00000884      0x3e6 ./debounce.o
 .debug_line    0x00000c6a      0x3a2 ./main.o
 .debug_line    0x0000100c       0xce ./motor.o
 .debug_line    0x000010da       0x9b ./pushbutton.o
 .debug_line    0x00001175      0x126 ./spi.o
 .debug_line    0x0000129b       0xff ./timerA.o

.debug_frame    0x00000000      0x2ec
 *(.debug_frame)
 .debug_frame   0x00000000       0x4c ./FSM.o
 .debug_frame   0x0000004c       0x24 ./LED.o
 .debug_frame   0x00000070       0x60 ./LED_display.o
 .debug_frame   0x000000d0       0x5c ./debounce.o
 .debug_frame   0x0000012c      0x120 ./main.o
 .debug_frame   0x0000024c       0x24 ./motor.o
 .debug_frame   0x00000270       0x24 ./pushbutton.o
 .debug_frame   0x00000294       0x34 ./spi.o
 .debug_frame   0x000002c8       0x24 ./timerA.o

.debug_str      0x00000000      0x8f0
 *(.debug_str)
 .debug_str     0x00000000      0x521 ./FSM.o
                                0x566 (size before relaxing)
 .debug_str     0x00000521       0x1f ./LED.o
                                0x439 (size before relaxing)
 .debug_str     0x00000540       0x71 ./LED_display.o
                                0x498 (size before relaxing)
 .debug_str     0x000005b1      0x15a ./debounce.o
                                0x5be (size before relaxing)
 .debug_str     0x0000070b      0x12d ./main.o
                                0x70f (size before relaxing)
 .debug_str     0x00000838       0x2b ./motor.o
                                0x445 (size before relaxing)
 .debug_str     0x00000863       0x2c ./pushbutton.o
                                0x446 (size before relaxing)
 .debug_str     0x0000088f       0x45 ./spi.o
                                0x469 (size before relaxing)
 .debug_str     0x000008d4       0x1c ./timerA.o
                                0x440 (size before relaxing)

.debug_loc      0x00000000      0x359
 *(.debug_loc)
 .debug_loc     0x00000000      0x19d ./FSM.o
 .debug_loc     0x0000019d       0xbc ./LED_display.o
 .debug_loc     0x00000259       0x31 ./debounce.o
 .debug_loc     0x0000028a       0x8b ./main.o
 .debug_loc     0x00000315       0x44 ./spi.o

.debug_macinfo
 *(.debug_macinfo)

.debug_weaknames
 *(.debug_weaknames)

.debug_funcnames
 *(.debug_funcnames)

.debug_typenames
 *(.debug_typenames)

.debug_varnames
 *(.debug_varnames)

/DISCARD/
 *(.note.GNU-stack)
                [!provide]                PROVIDE (IE1, 0x0)
                [!provide]                PROVIDE (IFG1, 0x2)
                [!provide]                PROVIDE (IE2, 0x1)
                [!provide]                PROVIDE (IFG2, 0x3)
                [!provide]                PROVIDE (ADC10DTC0, 0x48)
                [!provide]                PROVIDE (ADC10DTC1, 0x49)
                [!provide]                PROVIDE (ADC10AE0, 0x4a)
                [!provide]                PROVIDE (ADC10CTL0, 0x1b0)
                [!provide]                PROVIDE (ADC10CTL1, 0x1b2)
                [!provide]                PROVIDE (ADC10MEM, 0x1b4)
                [!provide]                PROVIDE (ADC10SA, 0x1bc)
                0x00000056                PROVIDE (DCOCTL, 0x56)
                0x00000057                PROVIDE (BCSCTL1, 0x57)
                [!provide]                PROVIDE (BCSCTL2, 0x58)
                [!provide]                PROVIDE (BCSCTL3, 0x53)
                [!provide]                PROVIDE (CACTL1, 0x59)
                [!provide]                PROVIDE (CACTL2, 0x5a)
                [!provide]                PROVIDE (CAPD, 0x5b)
                [!provide]                PROVIDE (FCTL1, 0x128)
                [!provide]                PROVIDE (FCTL2, 0x12a)
                [!provide]                PROVIDE (FCTL3, 0x12c)
                0x00000020                PROVIDE (P1IN, 0x20)
                0x00000021                PROVIDE (P1OUT, 0x21)
                0x00000022                PROVIDE (P1DIR, 0x22)
                [!provide]                PROVIDE (P1IFG, 0x23)
                [!provide]                PROVIDE (P1IES, 0x24)
                [!provide]                PROVIDE (P1IE, 0x25)
                0x00000026                PROVIDE (P1SEL, 0x26)
                [!provide]                PROVIDE (P1SEL2, 0x41)
                0x00000027                PROVIDE (P1REN, 0x27)
                0x00000028                PROVIDE (P2IN, 0x28)
                0x00000029                PROVIDE (P2OUT, 0x29)
                0x0000002a                PROVIDE (P2DIR, 0x2a)
                [!provide]                PROVIDE (P2IFG, 0x2b)
                [!provide]                PROVIDE (P2IES, 0x2c)
                [!provide]                PROVIDE (P2IE, 0x2d)
                [!provide]                PROVIDE (P2SEL, 0x2e)
                [!provide]                PROVIDE (P2SEL2, 0x42)
                [!provide]                PROVIDE (P2REN, 0x2f)
                [!provide]                PROVIDE (P3IN, 0x18)
                [!provide]                PROVIDE (P3OUT, 0x19)
                [!provide]                PROVIDE (P3DIR, 0x1a)
                [!provide]                PROVIDE (P3SEL, 0x1b)
                [!provide]                PROVIDE (P3SEL2, 0x43)
                [!provide]                PROVIDE (P3REN, 0x10)
                [!provide]                PROVIDE (TA0IV, 0x12e)
                0x00000160                PROVIDE (TA0CTL, 0x160)
                0x00000162                PROVIDE (TA0CCTL0, 0x162)
                0x00000164                PROVIDE (TA0CCTL1, 0x164)
                [!provide]                PROVIDE (TA0CCTL2, 0x166)
                [!provide]                PROVIDE (TA0R, 0x170)
                0x00000172                PROVIDE (TA0CCR0, 0x172)
                0x00000174                PROVIDE (TA0CCR1, 0x174)
                [!provide]                PROVIDE (TA0CCR2, 0x176)
                [!provide]                PROVIDE (TA1IV, 0x11e)
                [!provide]                PROVIDE (TA1CTL, 0x180)
                [!provide]                PROVIDE (TA1CCTL0, 0x182)
                [!provide]                PROVIDE (TA1CCTL1, 0x184)
                [!provide]                PROVIDE (TA1CCTL2, 0x186)
                [!provide]                PROVIDE (TA1R, 0x190)
                [!provide]                PROVIDE (TA1CCR0, 0x192)
                [!provide]                PROVIDE (TA1CCR1, 0x194)
                [!provide]                PROVIDE (TA1CCR2, 0x196)
                [!provide]                PROVIDE (UCA0CTL0, 0x60)
                [!provide]                PROVIDE (UCA0CTL1, 0x61)
                [!provide]                PROVIDE (UCA0BR0, 0x62)
                [!provide]                PROVIDE (UCA0BR1, 0x63)
                [!provide]                PROVIDE (UCA0MCTL, 0x64)
                [!provide]                PROVIDE (UCA0STAT, 0x65)
                [!provide]                PROVIDE (UCA0RXBUF, 0x66)
                [!provide]                PROVIDE (UCA0TXBUF, 0x67)
                [!provide]                PROVIDE (UCA0ABCTL, 0x5d)
                [!provide]                PROVIDE (UCA0IRTCTL, 0x5e)
                [!provide]                PROVIDE (UCA0IRRCTL, 0x5f)
                [!provide]                PROVIDE (UCB0CTL0, 0x68)
                [!provide]                PROVIDE (UCB0CTL1, 0x69)
                [!provide]                PROVIDE (UCB0BR0, 0x6a)
                [!provide]                PROVIDE (UCB0BR1, 0x6b)
                [!provide]                PROVIDE (UCB0I2CIE, 0x6c)
                [!provide]                PROVIDE (UCB0STAT, 0x6d)
                [!provide]                PROVIDE (UCB0RXBUF, 0x6e)
                [!provide]                PROVIDE (UCB0TXBUF, 0x6f)
                [!provide]                PROVIDE (UCB0I2COA, 0x118)
                [!provide]                PROVIDE (UCB0I2CSA, 0x11a)
                0x00000120                PROVIDE (WDTCTL, 0x120)
                0x000010f8                PROVIDE (CALDCO_16MHZ, 0x10f8)
                0x000010f9                PROVIDE (CALBC1_16MHZ, 0x10f9)
                [!provide]                PROVIDE (CALDCO_12MHZ, 0x10fa)
                [!provide]                PROVIDE (CALBC1_12MHZ, 0x10fb)
                [!provide]                PROVIDE (CALDCO_8MHZ, 0x10fc)
                [!provide]                PROVIDE (CALBC1_8MHZ, 0x10fd)
                [!provide]                PROVIDE (CALDCO_1MHZ, 0x10fe)
                [!provide]                PROVIDE (CALBC1_1MHZ, 0x10ff)
                [!provide]                PROVIDE (TLV_CHECKSUM, 0x10c0)
                [!provide]                PROVIDE (TLV_DCO_30_TAG, 0x10f6)
                [!provide]                PROVIDE (TLV_DCO_30_LEN, 0x10f7)
                [!provide]                PROVIDE (TLV_ADC10_1_TAG, 0x10da)
                [!provide]                PROVIDE (TLV_ADC10_1_LEN, 0x10db)
OUTPUT(Project8Git.out elf32-msp430)

.debug_ranges   0x00000000       0x30
 .debug_ranges  0x00000000       0x30 ./FSM.o
